// Jest Snapshot v1, https://goo.gl/fbAQLP

exports[`Delta:methods Build Delta Order 1`] = `
{
  "data": {
    "beneficiary": "0xaC39b311DCEb2A4b2f5d8461c1cdaF756F4F7Ae9",
    "bridge": {
      "destinationChainId": 0,
      "outputToken": "0x0000000000000000000000000000000000000000",
      "protocolData": "0x",
      "protocolSelector": "0x00000000",
      "scalingFactor": 0,
    },
    "deadline": NaN,
    "destAmount": "3147447403157656698880",
    "destToken": "0x6b175474e89094c44da98b954eedeac495271d0f",
    "expectedAmount": "3163263721766488892666",
    "kind": 0,
    "metadata": "0x",
    "nonce": "dynamic_number",
    "owner": "0xaC39b311DCEb2A4b2f5d8461c1cdaF756F4F7Ae9",
    "partnerAndFee": "0",
    "permit": "0x",
    "srcAmount": "1000000000000000000",
    "srcToken": "0xc02aaa39b223fe8d0a0e5c4f27ead9083c756cc2",
  },
  "domain": {
    "chainId": 1,
    "name": "Portikus",
    "verifyingContract": "0x0000000000bbf5c5fd284e657f01bd000933c96d",
    "version": "2.0.0",
  },
  "types": {
    "Bridge": [
      {
        "name": "protocolSelector",
        "type": "bytes4",
      },
      {
        "name": "destinationChainId",
        "type": "uint256",
      },
      {
        "name": "outputToken",
        "type": "address",
      },
      {
        "name": "scalingFactor",
        "type": "int8",
      },
      {
        "name": "protocolData",
        "type": "bytes",
      },
    ],
    "Order": [
      {
        "name": "owner",
        "type": "address",
      },
      {
        "name": "beneficiary",
        "type": "address",
      },
      {
        "name": "srcToken",
        "type": "address",
      },
      {
        "name": "destToken",
        "type": "address",
      },
      {
        "name": "srcAmount",
        "type": "uint256",
      },
      {
        "name": "destAmount",
        "type": "uint256",
      },
      {
        "name": "expectedAmount",
        "type": "uint256",
      },
      {
        "name": "deadline",
        "type": "uint256",
      },
      {
        "name": "kind",
        "type": "uint8",
      },
      {
        "name": "nonce",
        "type": "uint256",
      },
      {
        "name": "partnerAndFee",
        "type": "uint256",
      },
      {
        "name": "permit",
        "type": "bytes",
      },
      {
        "name": "metadata",
        "type": "bytes",
      },
      {
        "name": "bridge",
        "type": "Bridge",
      },
    ],
  },
}
`;

exports[`Delta:methods Get Delta Order by Id and Hash 1`] = `
{
  "bridgeMetadata": null,
  "bridgeStatus": null,
  "chainId": 1,
  "createdAt": "2025-04-18T14:04:43.806Z",
  "deltaVersion": "2.0",
  "excludeAgents": null,
  "expiresAt": "2025-04-18T15:03:33.000Z",
  "id": "7ec0dc82-98ad-4501-9f46-03e31e51098f",
  "includeAgents": null,
  "order": {
    "beneficiary": "0x0ddc793680ff4f5793849c8c6992be1695cbe72a",
    "bridge": {
      "destinationChainId": 0,
      "maxRelayerFee": "0",
      "multiCallHandler": "0x0000000000000000000000000000000000000000",
      "outputToken": "0x0000000000000000000000000000000000000000",
    },
    "deadline": 1744988613,
    "destAmount": "15614735",
    "destToken": "0xa0b86991c6218b36c1d19d4a2e9eb0ce3606eb48",
    "expectedDestAmount": "15693202",
    "nonce": "1744985033868",
    "owner": "0x0ddc793680ff4f5793849c8c6992be1695cbe72a",
    "partnerAndFee": "0",
    "permit": "0x0000000000000000000000000000000000000000000000000000000000000011b7130d8420811c9f39ed0393c106255bae4619e2ad0d41ca8bbf81a91b257a89dd67bca7d8a48faba04f51dd84f4e587865e7f5c9c92858663bfb4eb809e4c26",
    "srcAmount": "10000000000000000",
    "srcToken": "0xc02aaa39b223fe8d0a0e5c4f27ead9083c756cc2",
  },
  "orderHash": "0xce14e79ba90ba85c52f3e7308d00dd8978827d8d3c2249252222cc324121d02a",
  "partiallyFillable": false,
  "partner": "paraswap.io-local",
  "referrerAddress": null,
  "status": "EXECUTED",
  "transactions": [
    {
      "agent": "laita",
      "bidId": "787bdca0-bd2e-4cfb-ad6c-9a8a84d90a76",
      "blobGasPrice": 0,
      "blobGasUsed": 0,
      "blockHash": "0x9b66830ee3ae02a604309099227303bc3e73a672e58cffd0685a8c3f7152ff51",
      "blockNumber": 22296365,
      "filledPercent": 10000,
      "from": "0x2e5ef37ade8afb712b8be858fec7389fe32857e2",
      "gasPrice": 471068591,
      "gasUsed": 313190,
      "hash": "0x1f955f47482a8deeb5763613448a7d737ca3b3583dc9ab0c8665329ad93a2f32",
      "id": "483394ee-1f2d-47f4-bc3d-e050b6645495",
      "index": 73,
      "orderId": "7ec0dc82-98ad-4501-9f46-03e31e51098f",
      "partnerFee": "0",
      "protocolFee": "26193",
      "receivedAmount": "15719395",
      "receivedAmountUSD": 15.72,
      "spentAmount": "10000000000000000",
      "spentAmountUSD": 15.9,
      "status": 1,
      "to": "0x0000000000bbf5c5fd284e657f01bd000933c96d",
    },
  ],
  "type": "MARKET",
  "updatedAt": "2025-04-18T14:05:13.519Z",
  "user": "0x0ddc793680ff4f5793849c8c6992be1695cbe72a",
}
`;

exports[`Delta:methods Get Delta Orders for user 1`] = `
[
  {
    "bridgeMetadata": null,
    "bridgeStatus": null,
    "chainId": 1,
    "createdAt": "2024-10-10T16:18:04.727Z",
    "deltaVersion": "1.0",
    "excludeAgents": null,
    "expiresAt": "2024-10-10T17:17:47.000Z",
    "id": "8515cce6-c7c6-486b-9f1e-5702f204edd6",
    "includeAgents": null,
    "order": {
      "beneficiary": "0x76176c2971300217e9f48e3dd4e40591500b96ff",
      "bridge": {
        "destinationChainId": 0,
        "outputToken": "0x0000000000000000000000000000000000000000",
        "protocolData": "0x",
        "protocolSelector": "0x00000000",
        "scalingFactor": 0,
      },
      "deadline": 1728580667,
      "destAmount": "11302885800000000000",
      "destToken": "0x6b175474e89094c44da98b954eedeac495271d0f",
      "nonce": 1728577074265,
      "owner": "0x76176c2971300217e9f48e3dd4e40591500b96ff",
      "permit": "0x00000000000000000000000076176c2971300217e9f48e3dd4e40591500b96ff00000000000000000000000036ff475499e928590659d5b8aa3a34330a583fd900000000000000000000000000000000000000000000000000000000019d278900000000000000000000000000000000000000000000000000000000670bf2ae000000000000000000000000000000000000000000000000000000000000001bf548be9f97f37f0b2ab285bba67c8fdab99c3a08b0fdc0a910267988485535945df93e27958867f1d479c7b7783e98ba586629407e44f8d5c5d4115a7298dca9",
      "srcAmount": "27076489",
      "srcToken": "0xa0b86991c6218b36c1d19d4a2e9eb0ce3606eb48",
    },
    "orderHash": null,
    "partiallyFillable": false,
    "partner": "delta-paraswap.io-local",
    "referrerAddress": null,
    "status": "EXECUTED",
    "transactions": [
      {
        "agent": "laita",
        "bidId": null,
        "blobGasPrice": 0,
        "blobGasUsed": 0,
        "blockHash": "0x21425d0c3625d5e55061ba2fd8ce91621dbee52c7d2846b76dd897d3438a6893",
        "blockNumber": 20936359,
        "filledPercent": 10000,
        "from": "0x2e5eF37Ade8afb712B8Be858fEc7389Fe32857e2",
        "gasPrice": 23525770029,
        "gasUsed": 597540,
        "hash": "0x3e5040d187288848ca57e4423d60fd31922b6db7fe636580d96200b03a8a8d8f",
        "id": "c729ff7b-ffc8-4c85-88d8-41f4f26668eb",
        "index": 57,
        "orderId": "8515cce6-c7c6-486b-9f1e-5702f204edd6",
        "partnerFee": "0",
        "protocolFee": "0",
        "receivedAmount": "17225367867506356154",
        "receivedAmountUSD": 17.22,
        "spentAmount": "27076489",
        "spentAmountUSD": 27.06,
        "status": 1,
        "to": "0x1D7405DF25FD2fe80390DA3A696dcFd5120cA9Ce",
      },
    ],
    "type": "MARKET",
    "updatedAt": "2024-10-10T16:18:51.447Z",
    "user": "0x76176c2971300217e9f48e3dd4e40591500b96ff",
  },
  {
    "bridgeMetadata": null,
    "bridgeStatus": null,
    "chainId": 1,
    "createdAt": "2024-10-09T16:52:18.826Z",
    "deltaVersion": "1.0",
    "excludeAgents": null,
    "expiresAt": "2024-10-09T17:52:08.000Z",
    "id": "7696f983-4f0d-4bb0-b591-61957abf74de",
    "includeAgents": null,
    "order": {
      "beneficiary": "0x76176c2971300217e9f48e3dd4e40591500b96ff",
      "bridge": {
        "destinationChainId": 0,
        "outputToken": "0x0000000000000000000000000000000000000000",
        "protocolData": "0x",
        "protocolSelector": "0x00000000",
        "scalingFactor": 0,
      },
      "deadline": 1728496328,
      "destAmount": "736681085000000000000",
      "destToken": "0xcafe001067cdef266afb7eb5a286dcfd277f3de5",
      "nonce": 1728492729603,
      "owner": "0x76176c2971300217e9f48e3dd4e40591500b96ff",
      "permit": "0x",
      "srcAmount": "21000000000000000",
      "srcToken": "0xc02aaa39b223fe8d0a0e5c4f27ead9083c756cc2",
    },
    "orderHash": null,
    "partiallyFillable": false,
    "partner": "delta-paraswap.io-local",
    "referrerAddress": null,
    "status": "EXECUTED",
    "transactions": [
      {
        "agent": "laita",
        "bidId": null,
        "blobGasPrice": 0,
        "blobGasUsed": 0,
        "blockHash": "0x58dbd72e843c1224e8113694b8b4a37e29657f0d52634c0f3f89835a3c7a7187",
        "blockNumber": 20929352,
        "filledPercent": 10000,
        "from": "0x2e5eF37Ade8afb712B8Be858fEc7389Fe32857e2",
        "gasPrice": 47757958240,
        "gasUsed": 224182,
        "hash": "0x6d5fa34f4723283dc32496acb8b8faf4bb9e713e3a9d43152ebef7d842c59700",
        "id": "0531cfdf-0732-4757-8a46-3886487eeedd",
        "index": 188,
        "orderId": "7696f983-4f0d-4bb0-b591-61957abf74de",
        "partnerFee": "0",
        "protocolFee": "0",
        "receivedAmount": "1635237633557152096036",
        "receivedAmountUSD": 22.77,
        "spentAmount": "21000000000000000",
        "spentAmountUSD": 51.08,
        "status": 1,
        "to": "0x1D7405DF25FD2fe80390DA3A696dcFd5120cA9Ce",
      },
    ],
    "type": "MARKET",
    "updatedAt": "2024-10-09T16:52:37.585Z",
    "user": "0x76176c2971300217e9f48e3dd4e40591500b96ff",
  },
]
`;

exports[`Delta:methods Get Delta Price 1`] = `
{
  "bridge": {
    "destinationChainId": 0,
    "outputToken": "0x0000000000000000000000000000000000000000",
    "protocolData": "0x",
    "protocolSelector": "0x00000000",
    "scalingFactor": 0,
  },
  "destAmount": "dynamic_number",
  "destAmountBeforeFee": "dynamic_number",
  "destToken": "0x6b175474e89094c44da98b954eedeac495271d0f",
  "destUSD": "dynamic_number",
  "destUSDBeforeFee": "dynamic_number",
  "gasCost": "dynamic_number",
  "gasCostBeforeFee": "dynamic_number",
  "gasCostUSD": "dynamic_number",
  "gasCostUSDBeforeFee": "dynamic_number",
  "hmac": "dynamic_string",
  "partner": "anon",
  "partnerFee": 0,
  "srcAmount": "1000000000000000000",
  "srcToken": "0xc02aaa39b223fe8d0a0e5c4f27ead9083c756cc2",
  "srcUSD": "dynamic_number",
}
`;

exports[`Delta:methods Get Delta Price Crosschain Get Delta Price Crosschain/destToken=ETH 1`] = `
{
  "availableBridges": [],
  "bridge": {
    "destinationChainId": 10,
    "outputToken": "dynamic_hash",
    "protocolData": "dynamic_string",
    "protocolSelector": "dynamic_string",
    "scalingFactor": NaN,
  },
  "bridgeInfo": {
    "destAmountAfterBridge": "dynamic_number",
    "destUSDAfterBridge": "dynamic_number",
    "estimatedTimeMs": NaN,
    "fees": [],
    "protocolName": "dynamic_string",
  },
  "destAmount": "dynamic_number",
  "destAmountBeforeFee": "dynamic_number",
  "destToken": "0xeeeeeeeeeeeeeeeeeeeeeeeeeeeeeeeeeeeeeeee",
  "destUSD": "dynamic_number",
  "destUSDBeforeFee": "dynamic_number",
  "gasCost": "dynamic_number",
  "gasCostBeforeFee": "dynamic_number",
  "gasCostUSD": "dynamic_number",
  "gasCostUSDBeforeFee": "dynamic_number",
  "hmac": "dynamic_string",
  "partner": "anon",
  "partnerFee": 0,
  "srcAmount": "1000000000000000000",
  "srcToken": "0xc02aaa39b223fe8d0a0e5c4f27ead9083c756cc2",
  "srcUSD": "dynamic_number",
}
`;

exports[`Delta:methods Get Delta Price Crosschain Get Delta Price Crosschain/destToken=WETH 1`] = `
{
  "availableBridges": [],
  "bridge": {
    "destinationChainId": 10,
    "outputToken": "0x4200000000000000000000000000000000000006",
    "protocolData": "dynamic_string",
    "protocolSelector": "dynamic_string",
    "scalingFactor": NaN,
  },
  "bridgeInfo": {
    "destAmountAfterBridge": "dynamic_number",
    "destUSDAfterBridge": "dynamic_number",
    "estimatedTimeMs": NaN,
    "fees": [],
    "protocolName": "dynamic_string",
  },
  "destAmount": "dynamic_number",
  "destAmountBeforeFee": "dynamic_number",
  "destToken": "0xc02aaa39b223fe8d0a0e5c4f27ead9083c756cc2",
  "destUSD": "dynamic_number",
  "destUSDBeforeFee": "dynamic_number",
  "gasCost": "dynamic_number",
  "gasCostBeforeFee": "dynamic_number",
  "gasCostUSD": "dynamic_number",
  "gasCostUSDBeforeFee": "dynamic_number",
  "hmac": "dynamic_string",
  "partner": "anon",
  "partnerFee": 0,
  "srcAmount": "1000000000000000000",
  "srcToken": "0xc02aaa39b223fe8d0a0e5c4f27ead9083c756cc2",
  "srcUSD": "dynamic_number",
}
`;

exports[`Delta:methods Get Delta Price Crosschain Get Delta Price Crosschain/destToken=random 1`] = `
{
  "availableBridges": [],
  "bridge": {
    "destinationChainId": 10,
    "outputToken": "0xda10009cbd5d07dd0cecc66161fc93d7c9000da1",
    "protocolData": "dynamic_string",
    "protocolSelector": "dynamic_string",
    "scalingFactor": NaN,
  },
  "bridgeInfo": {
    "destAmountAfterBridge": "dynamic_number",
    "destUSDAfterBridge": "dynamic_number",
    "estimatedTimeMs": NaN,
    "fees": [],
    "protocolName": "dynamic_string",
  },
  "destAmount": "dynamic_number",
  "destAmountBeforeFee": "dynamic_number",
  "destToken": "0x6b175474e89094c44da98b954eedeac495271d0f",
  "destUSD": "dynamic_number",
  "destUSDBeforeFee": "dynamic_number",
  "gasCost": "dynamic_number",
  "gasCostBeforeFee": "dynamic_number",
  "gasCostUSD": "dynamic_number",
  "gasCostUSDBeforeFee": "dynamic_number",
  "hmac": "dynamic_string",
  "partner": "anon",
  "partnerFee": 0,
  "srcAmount": "1000000000000000000",
  "srcToken": "0xc02aaa39b223fe8d0a0e5c4f27ead9083c756cc2",
  "srcUSD": "dynamic_number",
}
`;

exports[`Delta:methods Submit(=build+sign+post) Delta Order 1`] = `
{
  "beneficiary": "0xaC39b311DCEb2A4b2f5d8461c1cdaF756F4F7Ae9",
  "bridge": {
    "destinationChainId": 0,
    "outputToken": "0x0000000000000000000000000000000000000000",
    "protocolData": "0x",
    "protocolSelector": "0x00000000",
    "scalingFactor": 0,
  },
  "deadline": NaN,
  "destAmount": "3147447403157656698880",
  "destToken": "0x6b175474e89094c44da98b954eedeac495271d0f",
  "expectedAmount": "3163263721766488892666",
  "kind": 0,
  "metadata": "0x",
  "nonce": "dynamic_number",
  "owner": "0xaC39b311DCEb2A4b2f5d8461c1cdaF756F4F7Ae9",
  "partnerAndFee": "0",
  "permit": "0x",
  "srcAmount": "1000000000000000000",
  "srcToken": "0xc02aaa39b223fe8d0a0e5c4f27ead9083c756cc2",
}
`;
