// Jest Snapshot v1, https://goo.gl/fbAQLP

exports[`Limit Orders Build_Swap+LO_Tx 1`] = `
{
  "bestRoute": [
    {
      "percent": 100,
      "swaps": [
        {
          "destDecimals": 18,
          "destToken": "0x0d8775f648430679a709e98d2b0cb6250d2887ef",
          "srcDecimals": 18,
          "srcToken": "0x6b175474e89094c44da98b954eedeac495271d0f",
          "swapExchanges": [
            {
              "data": {
                "factory": "0x5C69bEe701ef814a2B6a3EDD4B1652CB9cc5aA6f",
                "feeFactor": 10000,
                "gasUSD": "---",
                "initCode": "0x96e8ac4277198ff8b6f785478aa9a39f403cb768dd02cbee326c3e7da348845f",
                "path": [
                  "0x6b175474e89094c44da98b954eedeac495271d0f",
                  "0x0d8775f648430679a709e98d2b0cb6250d2887ef",
                ],
                "pools": [
                  {
                    "address": "0x6929abD7931D0243777d3CD147fE863646A752ba",
                    "direction": false,
                    "fee": 30,
                  },
                ],
                "router": "0xF9234CB08edb93c0d4a4d4c70cC3FfD070e78e07",
              },
              "destAmount": "6000000000000000000",
              "exchange": "UniswapV2",
              "percent": 100,
              "poolAddresses": [
                "0x6929abD7931D0243777d3CD147fE863646A752ba",
              ],
              "poolIdentifiers": [
                "uniswapv2_0x0d8775f648430679a709e98d2b0cb6250d2887ef_0x6b175474e89094c44da98b954eedeac495271d0f",
              ],
              "srcAmount": "---",
            },
          ],
        },
      ],
    },
  ],
  "blockNumber": NaN,
  "contractAddress": "0xDEF171Fe48CF0115B1d80b88dc8eAB59176FEe57",
  "contractMethod": "simpleBuy",
  "destAmount": "6000000000000000000",
  "destDecimals": 18,
  "destToken": "0x0d8775f648430679a709e98d2b0cb6250d2887ef",
  "destUSD": "---",
  "gasCost": "---",
  "gasCostUSD": "---",
  "hmac": "---",
  "maxImpactReached": false,
  "network": 1,
  "partner": "anon",
  "partnerFee": 0,
  "side": "BUY",
  "srcAmount": "---",
  "srcDecimals": 18,
  "srcToken": "0x6b175474e89094c44da98b954eedeac495271d0f",
  "srcUSD": "---",
  "tokenTransferProxy": "0x216b4b4ba9f3e719726886d34a177484278bfcae",
  "version": "5",
}
`;

exports[`Limit Orders buildLimitOrder p2p: P2P_Order_Data_Snapshot 1`] = `
{
  "data": {
    "expiry": 1766188800,
    "maker": "0xaC39b311DCEb2A4b2f5d8461c1cdaF756F4F7Ae9",
    "makerAmount": "1000000000000000000",
    "makerAsset": "0x6b175474e89094c44da98b954eedeac495271d0f",
    "nonceAndMeta": "2693234308085732315020447542820174961101890254772",
    "taker": "0xDEF171Fe48CF0115B1d80b88dc8eAB59176FEe57",
    "takerAmount": "8000000000000000000",
    "takerAsset": "0x2b591e99afe9f32eaa6214f7b7629768c40eeb39",
  },
  "domain": {
    "chainId": 1,
    "name": "AUGUSTUS RFQ",
    "verifyingContract": "0xe92b586627ccA7a83dC919cc7127196d70f55a06",
    "version": "1",
  },
  "types": {
    "Order": [
      {
        "name": "nonceAndMeta",
        "type": "uint256",
      },
      {
        "name": "expiry",
        "type": "uint128",
      },
      {
        "name": "makerAsset",
        "type": "address",
      },
      {
        "name": "takerAsset",
        "type": "address",
      },
      {
        "name": "maker",
        "type": "address",
      },
      {
        "name": "taker",
        "type": "address",
      },
      {
        "name": "makerAmount",
        "type": "uint256",
      },
      {
        "name": "takerAmount",
        "type": "uint256",
      },
    ],
  },
}
`;

exports[`Limit Orders buildLimitOrder: Order_Data_Snapshot 1`] = `
{
  "data": {
    "expiry": 1766188800,
    "maker": "0xaC39b311DCEb2A4b2f5d8461c1cdaF756F4F7Ae9",
    "makerAmount": "1000000000000000000",
    "makerAsset": "0x6b175474e89094c44da98b954eedeac495271d0f",
    "nonceAndMeta": "1461501637330902918203684832716283019655932542976",
    "taker": "0x0000000000000000000000000000000000000000",
    "takerAmount": "8000000000000000000",
    "takerAsset": "0x2b591e99afe9f32eaa6214f7b7629768c40eeb39",
  },
  "domain": {
    "chainId": 1,
    "name": "AUGUSTUS RFQ",
    "verifyingContract": "0xe92b586627ccA7a83dC919cc7127196d70f55a06",
    "version": "1",
  },
  "types": {
    "Order": [
      {
        "name": "nonceAndMeta",
        "type": "uint256",
      },
      {
        "name": "expiry",
        "type": "uint128",
      },
      {
        "name": "makerAsset",
        "type": "address",
      },
      {
        "name": "takerAsset",
        "type": "address",
      },
      {
        "name": "maker",
        "type": "address",
      },
      {
        "name": "taker",
        "type": "address",
      },
      {
        "name": "makerAmount",
        "type": "uint256",
      },
      {
        "name": "takerAmount",
        "type": "uint256",
      },
    ],
  },
}
`;

exports[`Limit Orders getLimitOrders 1`] = `
[
  {
    "chainId": 137,
    "createdAt": 1661185927,
    "expiry": 0,
    "fillableBalance": "10000000000000000",
    "isFillOrKill": false,
    "maker": "0x05182e579fdfcf69e4390c3411d8fea1fb6467cf",
    "makerAmount": "10000000000000000",
    "makerAsset": "0x0d500b1d8e8ef31e21c99d1db9a6444d3adf1270",
    "makerBalance": "10000000000000000",
    "nonceAndMeta": "11606055776319970719498565483696350838927613089159547657501278208",
    "orderHash": "0xfd076127e9fe40c5acf2efd03f8dd0cf2412fe277013d241c95a5da3eb64d5f8",
    "permitMakerAsset": null,
    "state": "CANCELLED",
    "swappableBalance": "10000000000000000",
    "taker": "0xdef171fe48cf0115b1d80b88dc8eab59176fee57",
    "takerAmount": "7960150000000000",
    "takerAsset": "0x8f3cf7ad23cd3cadbd9735aff958023239c6a063",
    "takerFromMeta": "0x0000000000000000000000000000000000000000",
    "transactionHash": "0xf403c6c4b625f055c206b377b8b4296e017e66071e8bd652df18cb344f69f8ae",
    "type": "LIMIT",
    "updatedAt": 1661186323,
  },
  {
    "chainId": 137,
    "createdAt": 1661102635,
    "expiry": 0,
    "fillableBalance": "27806",
    "isFillOrKill": false,
    "maker": "0x05182e579fdfcf69e4390c3411d8fea1fb6467cf",
    "makerAmount": "1000000",
    "makerAsset": "0x2791bca1f2de4661ed88a30c99a7a9449aa84174",
    "makerBalance": "27806",
    "nonceAndMeta": "5138925241883764339325856218512467102197816820790096695352360960",
    "orderHash": "0xef9fdf84be98cc70c05dbfe62af88412c1231f3025d3c829cf93b29f578a66fd",
    "permitMakerAsset": null,
    "state": "CANCELLED",
    "swappableBalance": "27806",
    "taker": "0xdef171fe48cf0115b1d80b88dc8eab59176fee57",
    "takerAmount": "999800000000000000",
    "takerAsset": "0x8f3cf7ad23cd3cadbd9735aff958023239c6a063",
    "takerFromMeta": "0x0000000000000000000000000000000000000000",
    "transactionHash": "0x235aaa8472de0a724ea09daee5f2ed57d4365753d521008bcd9550d83a4461c7",
    "type": "LIMIT",
    "updatedAt": 1661162748,
  },
  {
    "chainId": 137,
    "createdAt": 1661102624,
    "expiry": 0,
    "fillableBalance": "1000000000000000000",
    "isFillOrKill": false,
    "maker": "0x05182e579fdfcf69e4390c3411d8fea1fb6467cf",
    "makerAmount": "1000000000000000000",
    "makerAsset": "0x8f3cf7ad23cd3cadbd9735aff958023239c6a063",
    "makerBalance": "1000000000000000000",
    "nonceAndMeta": "3760348195635624801084706457448060906520635007281149607661273088",
    "orderHash": "0x005c10e295af191364c7b47df72c0ca71b75b8f827231b352c4199ae109d4234",
    "permitMakerAsset": null,
    "state": "CANCELLED",
    "swappableBalance": "1000000000000000000",
    "taker": "0xdef171fe48cf0115b1d80b88dc8eab59176fee57",
    "takerAmount": "1000230",
    "takerAsset": "0x2791bca1f2de4661ed88a30c99a7a9449aa84174",
    "takerFromMeta": "0x0000000000000000000000000000000000000000",
    "transactionHash": "0x235aaa8472de0a724ea09daee5f2ed57d4365753d521008bcd9550d83a4461c7",
    "type": "LIMIT",
    "updatedAt": 1661162748,
  },
]
`;
