// Jest Snapshot v1, https://goo.gl/fbAQLP

exports[`Partial SDK: fetching methods: axiosFetcher Get_Adapters: Get_Adapters 1`] = `
[
  "Bancor",
  "Compound",
  "DODOV1",
  "DODOV2",
  "TraderJoeV2.1",
  "Smoothy",
  "CurveV2",
  "Lido",
  "EtherFi",
  "CurveV1",
  "Swerve",
  "BalancerV1",
  "BalancerV2",
  "UniswapV2",
  "DefiSwap",
  "LinkSwap",
  "SushiSwap",
  "ShibaSwap",
  "Verse",
  "UniswapV3",
  "SushiSwapV3",
  "PancakeSwapV2",
  "PancakeswapV3",
  "AaveV2",
  "AaveV3",
  "AaveV3Lido",
  "KyberDmm",
  "Weth",
  "PolygonMigrator",
  "Synapse",
  "ParaSwapLimitOrders",
  "SolidlyV2",
  "Synthetix",
  "CurveV1Factory",
  "CurveV1StableNg",
  "wstETH",
  "Hashflow",
  "MaverickV1",
  "SwaapV2",
  "AngleStakedStableUSD",
  "AngleStakedStableEUR",
  "SolidlyV3",
  "Wombat",
  "Swell",
  "Spark",
  "sUSDS",
  "RingV2",
  "AugustusRFQ",
]
`;

exports[`Partial SDK: fetching methods: axiosFetcher Get_Contracts: axiosFetcher 1`] = `
{
  "AugustusRFQ": "0xe92b586627ccA7a83dC919cc7127196d70f55a06",
  "AugustusSwapper": "0xDEF171Fe48CF0115B1d80b88dc8eAB59176FEe57",
  "ParaswapDelta": "0x0000000000bbf5c5fd284e657f01bd000933c96d",
  "Portikus": "0x0007005729e310000c6003402d8a0fb700da0c00",
  "TokenTransferProxy": "0x216b4b4ba9f3e719726886d34a177484278bfcae",
}
`;

exports[`Partial SDK: fetching methods: axiosFetcher Get_SwapTxData: Get_SwapTxData::priceRoute 1`] = `
{
  "bestRoute": [
    {
      "percent": 100,
      "swaps": [
        {
          "destDecimals": 18,
          "destToken": "0x6b175474e89094c44da98b954eedeac495271d0f",
          "srcDecimals": 18,
          "srcToken": "0xeeeeeeeeeeeeeeeeeeeeeeeeeeeeeeeeeeeeeeee",
          "swapExchanges": [
            {
              "data": "dynamic_object",
              "destAmount": "dynamic_number",
              "exchange": "UniswapV2",
              "percent": "dynamic_number",
              "poolAddresses": "dynamic_array",
              "poolIdentifiers": "dynamic_array",
              "srcAmount": "dynamic_number",
            },
          ],
        },
      ],
    },
  ],
  "blockNumber": "dynamic_number",
  "contractAddress": "0xDEF171Fe48CF0115B1d80b88dc8eAB59176FEe57",
  "contractMethod": "simpleSwap",
  "destAmount": "dynamic_number",
  "destDecimals": 18,
  "destToken": "0x6b175474e89094c44da98b954eedeac495271d0f",
  "destUSD": "dynamic_number",
  "gasCost": "dynamic_number",
  "gasCostUSD": "dynamic_number",
  "hmac": "dynamic_string",
  "maxImpactReached": false,
  "network": 1,
  "partner": "anon",
  "partnerFee": 0,
  "side": "SELL",
  "srcAmount": "1000000000000000000",
  "srcDecimals": 18,
  "srcToken": "0xeeeeeeeeeeeeeeeeeeeeeeeeeeeeeeeeeeeeeeee",
  "srcUSD": "dynamic_number",
  "tokenTransferProxy": "0x216b4b4ba9f3e719726886d34a177484278bfcae",
  "version": "5",
}
`;

exports[`Partial SDK: fetching methods: axiosFetcher Get_SwapTxData: Get_SwapTxData::txParams 1`] = `
{
  "chainId": 1,
  "data": "dynamic_string",
  "from": "dynamic_string",
  "gasPrice": "dynamic_number",
  "to": "0xDEF171Fe48CF0115B1d80b88dc8eAB59176FEe57",
  "value": "1000000000000000000",
}
`;

exports[`Partial SDK: fetching methods: fetchFetcher Get_Adapters: Get_Adapters 1`] = `
[
  "Bancor",
  "Compound",
  "DODOV1",
  "DODOV2",
  "TraderJoeV2.1",
  "Smoothy",
  "CurveV2",
  "Lido",
  "EtherFi",
  "CurveV1",
  "Swerve",
  "BalancerV1",
  "BalancerV2",
  "UniswapV2",
  "DefiSwap",
  "LinkSwap",
  "SushiSwap",
  "ShibaSwap",
  "Verse",
  "UniswapV3",
  "SushiSwapV3",
  "PancakeSwapV2",
  "PancakeswapV3",
  "AaveV2",
  "AaveV3",
  "AaveV3Lido",
  "KyberDmm",
  "Weth",
  "PolygonMigrator",
  "Synapse",
  "ParaSwapLimitOrders",
  "SolidlyV2",
  "Synthetix",
  "CurveV1Factory",
  "CurveV1StableNg",
  "wstETH",
  "Hashflow",
  "MaverickV1",
  "SwaapV2",
  "AngleStakedStableUSD",
  "AngleStakedStableEUR",
  "SolidlyV3",
  "Wombat",
  "Swell",
  "Spark",
  "sUSDS",
  "RingV2",
  "AugustusRFQ",
]
`;

exports[`Partial SDK: fetching methods: fetchFetcher Get_Contracts: fetchFetcher 1`] = `
{
  "AugustusRFQ": "0xe92b586627ccA7a83dC919cc7127196d70f55a06",
  "AugustusSwapper": "0xDEF171Fe48CF0115B1d80b88dc8eAB59176FEe57",
  "ParaswapDelta": "0x0000000000bbf5c5fd284e657f01bd000933c96d",
  "Portikus": "0x0007005729e310000c6003402d8a0fb700da0c00",
  "TokenTransferProxy": "0x216b4b4ba9f3e719726886d34a177484278bfcae",
}
`;

exports[`Partial SDK: fetching methods: fetchFetcher Get_SwapTxData: Get_SwapTxData::priceRoute 1`] = `
{
  "bestRoute": [
    {
      "percent": 100,
      "swaps": [
        {
          "destDecimals": 18,
          "destToken": "0x6b175474e89094c44da98b954eedeac495271d0f",
          "srcDecimals": 18,
          "srcToken": "0xeeeeeeeeeeeeeeeeeeeeeeeeeeeeeeeeeeeeeeee",
          "swapExchanges": [
            {
              "data": "dynamic_object",
              "destAmount": "dynamic_number",
              "exchange": "UniswapV2",
              "percent": "dynamic_number",
              "poolAddresses": "dynamic_array",
              "poolIdentifiers": "dynamic_array",
              "srcAmount": "dynamic_number",
            },
          ],
        },
      ],
    },
  ],
  "blockNumber": "dynamic_number",
  "contractAddress": "0xDEF171Fe48CF0115B1d80b88dc8eAB59176FEe57",
  "contractMethod": "simpleSwap",
  "destAmount": "dynamic_number",
  "destDecimals": 18,
  "destToken": "0x6b175474e89094c44da98b954eedeac495271d0f",
  "destUSD": "dynamic_number",
  "gasCost": "dynamic_number",
  "gasCostUSD": "dynamic_number",
  "hmac": "dynamic_string",
  "maxImpactReached": false,
  "network": 1,
  "partner": "anon",
  "partnerFee": 0,
  "side": "SELL",
  "srcAmount": "1000000000000000000",
  "srcDecimals": 18,
  "srcToken": "0xeeeeeeeeeeeeeeeeeeeeeeeeeeeeeeeeeeeeeeee",
  "srcUSD": "dynamic_number",
  "tokenTransferProxy": "0x216b4b4ba9f3e719726886d34a177484278bfcae",
  "version": "5",
}
`;

exports[`Partial SDK: fetching methods: fetchFetcher Get_SwapTxData: Get_SwapTxData::txParams 1`] = `
{
  "chainId": 1,
  "data": "dynamic_string",
  "from": "dynamic_string",
  "gasPrice": "dynamic_number",
  "to": "0xDEF171Fe48CF0115B1d80b88dc8eAB59176FEe57",
  "value": "1000000000000000000",
}
`;
